[wpriverthemes.com/synck/index.html]
[wpriverthemes.com/synck/xmlrpc.php]
[backblue.gif]
[fade.gif]
[index.html]
[wpriverthemes.com/synck/wp-content/plugins/contact-form-7/includes/css/styles9bd2.css]
[wpriverthemes.com/synck/feed/index.html]
[wpriverthemes.com/synck/wp-content/plugins/header-footer-elementor/assets/css/header-footer-elementor942d.css]
[wpriverthemes.com/synck/wp-content/plugins/elementor/assets/css/frontend-lite.min63aa.css]
[wpriverthemes.com/synck/wp-content/plugins/elementor/assets/lib/swiper/v8/css/swiper.min94a4.css]
[wpriverthemes.com/synck/wp-content/uploads/elementor/css/post-68d17.css]
[wpriverthemes.com/synck/comments/feed/index.html]
[wpriverthemes.com/synck/wp-content/uploads/elementor/css/global8d17.css]
[wpriverthemes.com/synck/wp-content/uploads/elementor/css/post-9de72.css]
[wpriverthemes.com/synck/wp-content/uploads/elementor/css/post-54078d17.css]
[wpriverthemes.com/synck/wp-content/uploads/elementor/css/post-552560c9.css]
[wpriverthemes.com/synck/wp-content/themes/synck/assets/css/line-awesome.minef10.css]
[wpriverthemes.com/synck/wp-content/themes/synck/assets/css/iconoiref10.css]
[wpriverthemes.com/synck/wp-content/themes/synck/assets/css/bootstrap.minef10.css]
[wpriverthemes.com/synck/wp-content/themes/synck/assets/css/swiper-bundle.minef10.css]
[wpriverthemes.com/synck/wp-content/themes/synck/assets/css/styleef10.css]
[wpriverthemes.com/synck/wp-content/themes/synck/assets/css/synck-unit-testef10.css]
[wpriverthemes.com/synck/wp-content/themes/synck/assets/css/responsiveef10.css]
[wpriverthemes.com/synck/wp-includes/js/jquery/jquery.minf43b.js]
[wpriverthemes.com/synck/wp-includes/js/jquery/jquery-migrate.min5589.js]
[wpriverthemes.com/synck/wp-json/wp/v2/pages/9.json]
[wpriverthemes.com/synck/wp-json/index.html]
[wpriverthemes.com/synck/xmlrpc0db0.php]
[wpriverthemes.com/synck/wp-json/oembed/1.0/embed74ee.json]
[wpriverthemes.com/synck/wp-json/oembed/1.0/embedb5b1]
[wpriverthemes.com/synck/wp-content/uploads/2024/01/Shapes.svg]
[wpriverthemes.com/synck/wp-content/uploads/2024/02/biorbitlogo.svg]
[wpriverthemes.com/synck/wp-content/uploads/2024/02/iphone-13-1.jpg]
[wpriverthemes.com/synck/about-us/index.html]
[wpriverthemes.com/synck/contact/index.html]
[wpriverthemes.com/synck/wp-content/uploads/2024/02/portfolio-mega-menu-1.jpg]
[wpriverthemes.com/synck/home-version2/index.html]
[wpriverthemes.com/synck/company/index.html]
[wpriverthemes.com/synck/wp-content/uploads/2024/02/portfolio-mega-menu-2.jpg]
[wpriverthemes.com/synck/partners/index.html]
[wpriverthemes.com/synck/careers/index.html]
[wpriverthemes.com/synck/events/index.html]
[wpriverthemes.com/synck/wp-content/uploads/2024/02/portfolio-mega-menu-3.jpg]
[wpriverthemes.com/synck/team/index.html]
[wpriverthemes.com/synck/wp-content/uploads/2024/02/portfolio-mega-menu-4.jpg]
[wpriverthemes.com/synck/blog/index.html]
[wpriverthemes.com/synck/overview/index.html]
[wpriverthemes.com/synck/wp-content/uploads/2024/02/macbook.jpg]
[wpriverthemes.com/synck/our-pricing/index.html]
[wpriverthemes.com/synck/features/index.html]
[wpriverthemes.com/synck/case-studies/index.html]
[wpriverthemes.com/synck/wp-content/uploads/2024/02/hwd-icon-1.svg]
[wpriverthemes.com/synck/new-releases/index.html]
[wpriverthemes.com/synck/wp-content/uploads/2024/02/hwd-icon-2.svg]
[wpriverthemes.com/synck/solutions/index.html]
[wpriverthemes.com/synck/case-studie-single/index.html]
[wpriverthemes.com/synck/portfolio/index.html]
[wpriverthemes.com/synck/wp-content/uploads/2024/02/hwd-icon-3.svg]
[wpriverthemes.com/synck/wp-content/uploads/2024/02/hwd-icon-4.svg]
[wpriverthemes.com/synck/services/index.html]
[wpriverthemes.com/synck/portfolio-detail/index.html]
[wpriverthemes.com/synck/how-we-do-single/index.html]
[wpriverthemes.com/synck/service-details/index.html]
[wpriverthemes.com/synck/wp-content/uploads/2024/02/ipad.jpg]
[wpriverthemes.com/synck/wp-content/themes/synck/assets/imgs/favicon.svg]
[wpriverthemes.com/synck/wp-content/uploads/2023/11/bg1-1-1.png]
[wpriverthemes.com/synck/our-field-details/index.html]
[wpriverthemes.com/synck/wp-content/uploads/2023/11/icon1-1.svg]
[wpriverthemes.com/synck/faq/index.html]
[wpriverthemes.com/synck/wp-content/uploads/2023/11/small-img-4-1.png]
[wpriverthemes.com/synck/wp-content/uploads/2023/11/small-img-3-1.png]
[wpriverthemes.com/synck/wp-content/uploads/2023/11/small-img-2-1.png]
[wpriverthemes.com/synck/wp-content/uploads/2023/11/small-img-1-1.png]
[wpriverthemes.com/synck/wp-content/uploads/2023/11/icon2-1.svg]
[wpriverthemes.com/synck/wp-content/uploads/2023/11/client2.png]
[wpriverthemes.com/synck/wp-content/uploads/2023/11/client-logo2-1.svg]
[wpriverthemes.com/synck/wp-content/uploads/2023/11/client-logo3-1.svg]
[wpriverthemes.com/synck/wp-content/uploads/2023/11/client1.jpg]
[wpriverthemes.com/synck/wp-content/uploads/2023/11/client-logo5-1.svg]
[wpriverthemes.com/synck/wp-content/uploads/2023/11/bg-shape-1-1.svg]
[wpriverthemes.com/synck/wp-content/uploads/2023/12/hwd-icon-1.svg]
[wpriverthemes.com/synck/wp-content/uploads/2023/11/hwd-icon-2.svg]
[wpriverthemes.com/synck/wp-content/uploads/2023/11/hwd-icon-3.svg]
[wpriverthemes.com/synck/how-we-do/index.html]
[wpriverthemes.com/synck/wp-content/uploads/2023/11/hwd-icon-4.svg]
[wpriverthemes.com/synck/wp-content/uploads/2023/11/hwd-icon-5.svg]
[wpriverthemes.com/synck/wp-content/uploads/2023/11/hwd-icon-6.svg]
[wpriverthemes.com/synck/wp-content/uploads/2023/11/service-icon-1-2.svg]
[wpriverthemes.com/synck/wp-content/uploads/2023/11/service-icon-2-2.svg]
[wpriverthemes.com/synck/wp-content/uploads/2023/11/service-icon-3-2.svg]
[wpriverthemes.com/synck/wp-content/uploads/2023/11/service-icon-4-2.svg]
[wpriverthemes.com/synck/wp-content/uploads/2023/11/service-icon-5-2.svg]
[wpriverthemes.com/synck/wp-content/uploads/2023/11/case-studio-1-1-1.jpg]
[wpriverthemes.com/synck/wp-content/uploads/2023/11/case-studio-2-2-1.jpg]
[wpriverthemes.com/synck/wp-content/uploads/2023/12/case-studio-3.jpg]
[wpriverthemes.com/synck/wp-content/uploads/2023/12/case-studio-4.jpg]
[wpriverthemes.com/synck/wp-content/uploads/2023/12/case-studio-5.jpg]
[wpriverthemes.com/synck/wp-content/uploads/2023/12/case-studio-6.jpg]
[wpriverthemes.com/synck/wp-content/uploads/2023/12/case-studio-7.jpg]
[wpriverthemes.com/synck/wp-content/uploads/2023/12/case-studio-8.jpg]
[wpriverthemes.com/synck/wp-content/uploads/2023/12/case-studio-9.jpg]
[wpriverthemes.com/synck/wp-content/uploads/2023/12/case-studio-10.jpg]
[wpriverthemes.com/synck/wp-content/uploads/2023/11/bg-shape-2-1.svg]
[wpriverthemes.com/synck/wp-content/uploads/2023/11/bg-shape-3-1.svg]
[wpriverthemes.com/synck/wp-content/uploads/2023/11/icon-linkedin-1.svg]
[wpriverthemes.com/synck/wp-content/uploads/2023/11/testimonial-1-1.jpg]
[wpriverthemes.com/synck/wp-content/uploads/2023/11/testimonial-2-1.jpg]
[wpriverthemes.com/synck/wp-content/uploads/2023/11/testimonial-3-1.jpg]
[wpriverthemes.com/synck/wp-content/uploads/2023/11/project-1.png]
[wpriverthemes.com/synck/wp-content/uploads/2023/11/project-2.png]
[wpriverthemes.com/synck/wp-content/uploads/2023/11/project-3.png]
[wpriverthemes.com/synck/wp-content/uploads/2023/11/project-4.png]
[wpriverthemes.com/synck/wp-content/uploads/2023/11/project-5-new.png]
[wpriverthemes.com/synck/wp-content/uploads/2023/11/project-6-new.png]
[wpriverthemes.com/synck/wp-content/uploads/2023/11/news-1.png]
[wpriverthemes.com/synck/wp-content/uploads/2023/11/news-2.jpg]
[wpriverthemes.com/synck/wp-content/uploads/2023/11/news-3.jpg]
[wpriverthemes.com/synck/wp-content/uploads/2023/11/feature-img-1.png]
[wpriverthemes.com/synck/wp-content/uploads/2023/11/feature-img-2.png]
[wpriverthemes.com/synck/wp-content/uploads/2023/11/support-icon.svg]
[wpriverthemes.com/synck/wp-content/uploads/2023/12/map-icon.svg]
[wpriverthemes.com/synck/blog-details-4/index.html]
[wpriverthemes.com/synck/wp-content/uploads/2024/03/bg-shape-4.svg]
[wpriverthemes.com/synck/wp-content/uploads/2024/03/logo-white.svg]
[wpriverthemes.com/synck/wp-content/uploads/2024/03/youtube.svg]
[wpriverthemes.com/synck/wp-content/uploads/2024/03/webflow.svg]
[wpriverthemes.com/synck/wp-content/uploads/2024/03/upwork.svg]
[wpriverthemes.com/synck/wp-content/uploads/2024/03/shopify.svg]
[wpriverthemes.com/synck/wp-content/plugins/header-footer-elementor/inc/widgets-css/frontend942d.css]
[wpriverthemes.com/synck/wp-content/plugins/contact-form-7/includes/swv/js/index9bd2.js]
[wpriverthemes.com/synck/wp-content/plugins/contact-form-7/includes/js/index9bd2.js]
[wpriverthemes.com/synck/wp-content/themes/synck/assets/js/bootstrap.bundle.minef10.js]
[wpriverthemes.com/synck/wp-content/themes/synck/assets/js/gsap.minef10.js]
[wpriverthemes.com/synck/wp-content/themes/synck/assets/js/Draggable.minef10.js]
[wpriverthemes.com/synck/wp-content/themes/synck/assets/js/swiper-bundle.minef10.js]
[wpriverthemes.com/synck/wp-content/themes/synck/assets/js/client-marqueeef10.js]
[wpriverthemes.com/synck/wp-content/themes/synck/assets/js/slideTobook9179.js]
[wpriverthemes.com/synck/wp-content/themes/synck/assets/js/theme-customef10.js]
[wpriverthemes.com/synck/wp-content/themes/synck/assets/js/theme-worldmapef10.js]
[wpriverthemes.com/synck/wp-content/plugins/elementor/assets/js/webpack.runtime.min63aa.js]
[wpriverthemes.com/synck/wp-content/plugins/elementor/assets/js/frontend-modules.min63aa.js]
[wpriverthemes.com/synck/wp-content/plugins/elementor/assets/lib/waypoints/waypoints.min05da.js]
[wpriverthemes.com/synck/wp-includes/js/jquery/ui/core.min3f14.js]
[wpriverthemes.com/synck/index.html]
[wpriverthemes.com/synck/xmlrpc.php]
[wpriverthemes.com/synck/wp-content/plugins/contact-form-7/includes/css/styles9bd2.css]
[wpriverthemes.com/synck/wp-content/plugins/header-footer-elementor/assets/css/header-footer-elementor942d.css]
[wpriverthemes.com/synck/wp-content/plugins/elementor/assets/css/frontend-lite.min63aa.css]
[wpriverthemes.com/synck/wp-content/plugins/elementor/assets/lib/swiper/v8/css/swiper.min94a4.css]
[wpriverthemes.com/synck/wp-content/uploads/elementor/css/post-68d17.css]
[wpriverthemes.com/synck/wp-content/uploads/elementor/css/global8d17.css]
[wpriverthemes.com/synck/wp-content/uploads/elementor/css/post-9de72.css]
[wpriverthemes.com/synck/wp-content/uploads/elementor/css/post-54078d17.css]
[wpriverthemes.com/synck/wp-content/uploads/elementor/css/post-552560c9.css]
[wpriverthemes.com/synck/wp-content/plugins/elementor/assets/js/frontend.min63aa.js]
[wpriverthemes.com/synck/wp-content/themes/synck/assets/css/iconoiref10.css]
[wpriverthemes.com/synck/wp-content/themes/synck/assets/fonts/la-brands-400.eot]
[wpriverthemes.com/synck/wp-content/themes/synck/assets/fonts/la-brands-400.woff2]
[wpriverthemes.com/synck/wp-content/themes/synck/assets/fonts/la-brands-400d41d.eot]
[wpriverthemes.com/synck/wp-content/themes/synck/assets/fonts/la-brands-400.woff]
[wpriverthemes.com/synck/wp-content/themes/synck/assets/fonts/la-brands-400.ttf]
[wpriverthemes.com/synck/wp-content/themes/synck/assets/fonts/la-brands-400.svg]
[wpriverthemes.com/synck/wp-content/themes/synck/assets/fonts/la-regular-400.eot]
[wpriverthemes.com/synck/wp-content/themes/synck/assets/fonts/la-regular-400d41d.eot]
[wpriverthemes.com/synck/wp-content/themes/synck/assets/fonts/la-regular-400.woff2]
[wpriverthemes.com/synck/wp-content/themes/synck/assets/fonts/la-regular-400.woff]
[wpriverthemes.com/synck/wp-content/themes/synck/assets/fonts/la-regular-400.ttf]
[wpriverthemes.com/synck/wp-content/themes/synck/assets/fonts/la-regular-400.svg]
[wpriverthemes.com/synck/wp-content/themes/synck/assets/fonts/la-solid-900.eot]
[wpriverthemes.com/synck/wp-content/themes/synck/assets/fonts/la-solid-900d41d.eot]
[wpriverthemes.com/synck/wp-content/themes/synck/assets/fonts/la-solid-900.woff2]
[wpriverthemes.com/synck/wp-content/themes/synck/assets/fonts/la-solid-900.woff]
[wpriverthemes.com/synck/wp-content/themes/synck/assets/css/line-awesome.minef10.css]
[wpriverthemes.com/synck/wp-content/themes/synck/assets/css/bootstrap.minef10.css]
[wpriverthemes.com/synck/wp-content/themes/synck/assets/css/swiper-bundle.minef10.css]
[wpriverthemes.com/synck/wp-content/themes/synck/assets/fonts/la-solid-900.ttf]
[wpriverthemes.com/synck/wp-content/themes/synck/assets/fonts/la-solid-900.svg]
[wpriverthemes.com/synck/wp-content/themes/synck/assets/imgs/linenew.png]
[wpriverthemes.com/synck/wp-content/themes/synck/assets/imgs/linenew2.png]
[wpriverthemes.com/synck/wp-content/themes/synck/assets/imgs/linenew3.png]
[wpriverthemes.com/synck/wp-content/themes/synck/assets/imgs/line-shape-4.png]
[wpriverthemes.com/synck/wp-content/themes/synck/assets/css/styleef10.css]
[wpriverthemes.com/synck/wp-content/themes/synck/assets/css/synck-unit-testef10.css]
[wpriverthemes.com/synck/wp-content/themes/synck/assets/imgs/line-shape-3.png]
[wpriverthemes.com/synck/wp-content/themes/synck/assets/css/responsiveef10.css]
[wpriverthemes.com/synck/wp-includes/js/jquery/jquery.minf43b.js]
[wpriverthemes.com/synck/wp-includes/js/jquery/jquery-migrate.min5589.js]
[wpriverthemes.com/synck/wp-content/uploads/2024/01/Shapes.svg]
[wpriverthemes.com/synck/wp-content/uploads/elementor/css/post-14288d17.css]
[wpriverthemes.com/synck/wp-json/wp/v2/pages/1428.json]
[wpriverthemes.com/synck/wp-json/oembed/1.0/embedc674.json]
[wpriverthemes.com/synck/wp-json/oembed/1.0/embed7a81]
[wpriverthemes.com/synck/wp-content/uploads/2024/01/hero-company-about.jpg]
[wpriverthemes.com/synck/wp-content/uploads/2024/01/bg-shape-10.svg]
[wpriverthemes.com/synck/wp-content/uploads/2024/01/team4.png]
[wpriverthemes.com/synck/wp-content/uploads/2024/01/team5.png]
[wpriverthemes.com/synck/wp-content/uploads/2024/01/team6.png]
[wpriverthemes.com/synck/wp-content/uploads/2024/01/team7.png]
[wpriverthemes.com/synck/wp-content/uploads/2024/01/team8.png]
[wpriverthemes.com/synck/wp-content/uploads/2024/01/team9.png]
[wpriverthemes.com/synck/wp-content/uploads/2024/01/team10.png]
[wpriverthemes.com/synck/wp-content/uploads/2024/01/team11.png]
[wpriverthemes.com/synck/wp-content/uploads/2024/01/about-service-3.png]
[wpriverthemes.com/synck/wp-content/uploads/2024/01/bg-shape-11.svg]
[wpriverthemes.com/synck/wp-content/uploads/2023/12/small-img-4.png]
[wpriverthemes.com/synck/wp-content/uploads/2023/12/small-img-3.png]
[wpriverthemes.com/synck/wp-content/uploads/2023/12/small-img-2.png]
[wpriverthemes.com/synck/wp-content/uploads/2023/12/small-img-1.png]
[wpriverthemes.com/synck/wp-content/themes/synck/assets/js/slideTobook96e7.js]
[wpriverthemes.com/synck/about-us/index.html]
[wpriverthemes.com/synck/wp-content/uploads/2024/02/biorbitlogo.svg]
[wpriverthemes.com/synck/wp-content/uploads/elementor/css/post-3182e2e8.css]
[wpriverthemes.com/synck/wp-json/wp/v2/pages/3182.json]
[wpriverthemes.com/synck/wp-json/oembed/1.0/embed3b7e.json]
[wpriverthemes.com/synck/wp-json/oembed/1.0/embed71fb]
[wpriverthemes.com/synck/wp-content/uploads/2023/12/flag.png]
[wpriverthemes.com/synck/contact/index.html]
[wpriverthemes.com/synck/wp-content/uploads/2023/12/bg-shape-7.svg]
[wpriverthemes.com/synck/wp-content/uploads/2023/12/map.svg]
[wpriverthemes.com/synck/wp-content/uploads/elementor/css/post-506cbf0.css]
[wpriverthemes.com/synck/wp-content/uploads/elementor/css/post-5461cbf0.css]
[wpriverthemes.com/synck/wp-json/wp/v2/pages/506.json]
[wpriverthemes.com/synck/wp-json/oembed/1.0/embed104d.json]
[wpriverthemes.com/synck/wp-json/oembed/1.0/embed9fc1]
[wpriverthemes.com/synck/wp-content/uploads/2023/12/bg-shape-6.svg]
[wpriverthemes.com/synck/wp-content/uploads/2023/12/bg-shape-5.svg]
[wpriverthemes.com/synck/wp-content/uploads/2023/12/youtube-2.svg]
[wpriverthemes.com/synck/wp-content/uploads/2023/12/webflow-2.svg]
[wpriverthemes.com/synck/wp-content/uploads/2023/12/upwork.svg]
[wpriverthemes.com/synck/wp-content/uploads/2023/12/shopify-2.svg]
[wpriverthemes.com/synck/wp-content/uploads/2023/12/netflix.svg]
[wpriverthemes.com/synck/wp-content/uploads/2023/12/forbes.svg]
[wpriverthemes.com/synck/wp-content/uploads/2023/12/zoom.svg]
[wpriverthemes.com/synck/wp-content/uploads/2023/12/service-1.png]
[wpriverthemes.com/synck/wp-content/uploads/2023/12/service-2.png]
[wpriverthemes.com/synck/wp-content/uploads/2023/12/service-3.png]
[wpriverthemes.com/synck/wp-content/uploads/2023/12/service-4.png]
[wpriverthemes.com/synck/wp-content/uploads/2023/12/service-5.png]
[wpriverthemes.com/synck/wp-content/uploads/2023/12/service-6.png]
[wpriverthemes.com/synck/wp-content/uploads/2023/12/hwd-icon-4.svg]
[wpriverthemes.com/synck/wp-content/uploads/2023/12/hwd-icon-6.svg]
[wpriverthemes.com/synck/wp-content/uploads/2023/12/hwd-icon-2.svg]
[wpriverthemes.com/synck/wp-content/uploads/2023/12/hwd-icon-3.svg]
[wpriverthemes.com/synck/wp-content/uploads/2023/12/hwd-icon-5.svg]
[wpriverthemes.com/synck/wp-content/uploads/2023/12/about2-tab-1.png]
[wpriverthemes.com/synck/wp-content/uploads/2023/12/about2-tab-2.png]
[wpriverthemes.com/synck/wp-content/uploads/2023/12/about2-tab-3.png]
[wpriverthemes.com/synck/wp-content/uploads/2023/12/about2-tab-4.png]
[wpriverthemes.com/synck/wp-content/uploads/2023/12/about2-tab-5.png]
[wpriverthemes.com/synck/wp-content/uploads/2023/12/bg-shape-feature.svg]
[wpriverthemes.com/synck/wp-content/uploads/2023/12/iphone-13.png]
[wpriverthemes.com/synck/wp-content/uploads/2023/12/blog-1.jpg]
[wpriverthemes.com/synck/wp-content/uploads/2023/12/blog-2.jpg]
[wpriverthemes.com/synck/wp-content/uploads/2023/12/blog-3.jpg]
[wpriverthemes.com/synck/wp-content/uploads/2023/12/bg-shape-blog-sticky.svg]
[wpriverthemes.com/synck/wp-content/uploads/2023/12/blog-4.jpg]
[wpriverthemes.com/synck/wp-content/uploads/2023/12/bg-shape-9.svg]
[wpriverthemes.com/synck/wp-content/uploads/2023/12/portfolio-1.jpg]
[wpriverthemes.com/synck/wp-content/uploads/2023/12/portfolio-2.jpg]
[wpriverthemes.com/synck/wp-content/uploads/2023/12/portfolio-3.jpg]
[wpriverthemes.com/synck/wp-content/uploads/2023/12/portfolio-4.jpg]
[wpriverthemes.com/synck/wp-content/uploads/2023/12/portfolio-5.jpg]
[wpriverthemes.com/synck/wp-content/uploads/2023/12/portfolio-6.jpg]
[wpriverthemes.com/synck/wp-content/uploads/2023/12/team-2.jpg]
[wpriverthemes.com/synck/wp-content/uploads/2023/12/team-1.jpg]
[wpriverthemes.com/synck/wp-content/uploads/2023/12/team-3.jpg]
[wpriverthemes.com/synck/wp-content/uploads/2023/12/webflow-3.svg]
[wpriverthemes.com/synck/wp-content/uploads/2023/12/upwork-2.svg]
[wpriverthemes.com/synck/home-version2/index.html]
[wpriverthemes.com/synck/wp-content/uploads/2023/12/support-icon.svg]
[wpriverthemes.com/synck/wp-content/uploads/elementor/css/post-2439d310.css]
[wpriverthemes.com/synck/wp-json/wp/v2/pages/2439.json]
[wpriverthemes.com/synck/wp-json/oembed/1.0/embed75f4.json]
[wpriverthemes.com/synck/wp-json/oembed/1.0/embedea13]
[wpriverthemes.com/synck/wp-content/themes/synck/assets/js/slideTobooka7cb.js]
[wpriverthemes.com/synck/company/index.html]
[wpriverthemes.com/synck/wp-content/uploads/elementor/css/post-16434bcd.css]
[wpriverthemes.com/synck/wp-json/wp/v2/pages/1643.json]
[wpriverthemes.com/synck/wp-json/oembed/1.0/embed9630.json]
[wpriverthemes.com/synck/wp-json/oembed/1.0/embedeae9]
[wpriverthemes.com/synck/wp-content/uploads/2024/01/hero-partner-about.jpg]
[wpriverthemes.com/synck/wp-content/uploads/2024/01/client-logo7.svg]
[wpriverthemes.com/synck/wp-content/uploads/2024/01/client-logo8.svg]
[wpriverthemes.com/synck/wp-content/uploads/2024/01/client-logo9.svg]
[wpriverthemes.com/synck/wp-content/uploads/2024/01/client-logo10.svg]
[wpriverthemes.com/synck/wp-content/uploads/2024/01/client-logo11.svg]
[wpriverthemes.com/synck/wp-content/uploads/2024/01/client-logo12.svg]
[wpriverthemes.com/synck/wp-content/uploads/2024/01/client-logo13.svg]
[wpriverthemes.com/synck/wp-content/uploads/2024/01/client-logo14.svg]
[wpriverthemes.com/synck/wp-content/uploads/2024/01/client-logo15.svg]
[wpriverthemes.com/synck/wp-content/uploads/2024/01/client-logo16.svg]
[wpriverthemes.com/synck/wp-content/uploads/2024/01/partner-trusted.jpg]
[wpriverthemes.com/synck/partners/index.html]
[wpriverthemes.com/synck/wp-content/uploads/elementor/css/post-3084d47c.css]
[wpriverthemes.com/synck/wp-json/wp/v2/pages/3084.json]
[wpriverthemes.com/synck/wp-json/oembed/1.0/embedce60.json]
[wpriverthemes.com/synck/wp-json/oembed/1.0/embedecf7]
[wpriverthemes.com/synck/wp-content/uploads/2024/01/hero-career-about.jpg]
[wpriverthemes.com/synck/wp-content/uploads/2024/01/service-icon-6.svg]
[wpriverthemes.com/synck/wp-content/uploads/2024/01/service-icon-7.svg]
[wpriverthemes.com/synck/wp-content/uploads/2024/01/service-icon-8.svg]
[wpriverthemes.com/synck/wp-content/uploads/2024/01/service-icon-9.svg]
[wpriverthemes.com/synck/wp-content/uploads/2024/01/bg-shape-mentors.svg]
[wpriverthemes.com/synck/wp-content/themes/synck/assets/js/slideTobook0722.js]
[wpriverthemes.com/synck/careers/index.html]
[wpriverthemes.com/synck/wp-content/uploads/elementor/css/post-3777175f.css]
[wpriverthemes.com/synck/wp-json/wp/v2/pages/3777.json]
[wpriverthemes.com/synck/wp-json/oembed/1.0/embed5cb0.json]
[wpriverthemes.com/synck/wp-json/oembed/1.0/embed56e1]
[wpriverthemes.com/synck/wp-content/uploads/2024/01/event-1.jpg]
[wpriverthemes.com/synck/wp-content/uploads/2024/01/event-2.jpg]
[wpriverthemes.com/synck/wp-content/uploads/2024/01/event-3.jpg]
[wpriverthemes.com/synck/event-single/index.html]
[wpriverthemes.com/synck/wp-content/uploads/2024/01/bg-shape-12.png]
[wpriverthemes.com/synck/wp-content/uploads/2024/01/about-service-5.jpg]
[wpriverthemes.com/synck/events/index.html]
[wpriverthemes.com/synck/wp-content/uploads/elementor/css/post-2691e9fc.css]
[wpriverthemes.com/synck/wp-json/wp/v2/pages/2691.json]
[wpriverthemes.com/synck/wp-json/oembed/1.0/embedf56b.json]
[wpriverthemes.com/synck/wp-json/oembed/1.0/embedf00d]
[wpriverthemes.com/synck/wp-content/uploads/2023/12/team-4.jpg]
[wpriverthemes.com/synck/wp-content/uploads/2024/01/team-5.jpg]
[wpriverthemes.com/synck/wp-content/uploads/2024/01/team-6.jpg]
[wpriverthemes.com/synck/wp-content/uploads/2024/01/team-7.jpg]
[wpriverthemes.com/synck/wp-content/uploads/2024/01/team-8.jpg]
[wpriverthemes.com/synck/team/index.html]
[wpriverthemes.com/synck/wp-content/uploads/elementor/css/post-3487a029.css]
[wpriverthemes.com/synck/wp-json/wp/v2/pages/3487.json]
[wpriverthemes.com/synck/wp-json/oembed/1.0/embedbee4.json]
[wpriverthemes.com/synck/wp-json/oembed/1.0/embed63e4]
[wpriverthemes.com/synck/wp-content/uploads/2024/01/news-1.png]
[wpriverthemes.com/synck/wp-content/uploads/2024/01/news-4.jpg]
[wpriverthemes.com/synck/wp-content/uploads/2024/01/news-5.jpg]
[wpriverthemes.com/synck/wp-content/uploads/2024/01/news-6.jpg]
[wpriverthemes.com/synck/wp-content/uploads/2024/01/news-7.jpg]
[wpriverthemes.com/synck/wp-content/themes/synck/assets/js/slideTobook676d.js]
[wpriverthemes.com/synck/blog/index.html]
[wpriverthemes.com/synck/wp-content/uploads/elementor/css/post-2624c320.css]
[wpriverthemes.com/synck/wp-json/wp/v2/pages/2624.json]
[wpriverthemes.com/synck/wp-json/oembed/1.0/embedcbab.json]
[wpriverthemes.com/synck/wp-json/oembed/1.0/embed2003]
[wpriverthemes.com/synck/wp-content/uploads/2024/01/hero-overview-about.jpg]
[wpriverthemes.com/synck/wp-content/uploads/2024/01/about-service-6.jpg]
[wpriverthemes.com/synck/overview/index.html]
[wpriverthemes.com/synck/wp-content/uploads/elementor/css/post-23245a47.css]
[wpriverthemes.com/synck/wp-json/wp/v2/pages/2324.json]
[wpriverthemes.com/synck/wp-json/oembed/1.0/embed9eeb.json]
[wpriverthemes.com/synck/wp-json/oembed/1.0/embedb3a7]
[wpriverthemes.com/synck/wp-content/uploads/2024/01/question-icon.svg]
[wpriverthemes.com/synck/wp-content/themes/synck/assets/js/slideTobook48f2.js]
[wpriverthemes.com/synck/our-pricing/index.html]
[wpriverthemes.com/synck/wp-content/uploads/elementor/css/post-2464a1be.css]
[wpriverthemes.com/synck/wp-json/wp/v2/pages/2464.json]
[wpriverthemes.com/synck/wp-json/oembed/1.0/embedf315.json]
[wpriverthemes.com/synck/wp-json/oembed/1.0/embed9210]
[wpriverthemes.com/synck/features/index.html]
[wpriverthemes.com/synck/wp-content/uploads/elementor/css/post-3690aec4.css]
[wpriverthemes.com/synck/wp-json/wp/v2/pages/3690.json]
[wpriverthemes.com/synck/wp-json/oembed/1.0/embed35fd.json]
[wpriverthemes.com/synck/wp-json/oembed/1.0/embed55d7]
[wpriverthemes.com/synck/wp-content/uploads/2024/01/case-studie-1.jpg]
[wpriverthemes.com/synck/wp-content/uploads/2024/01/case-studie-2.jpg]
[wpriverthemes.com/synck/wp-content/uploads/2024/01/case-studie-3.jpg]
[wpriverthemes.com/synck/wp-content/uploads/2024/01/case-studie-4.jpg]
[wpriverthemes.com/synck/wp-content/uploads/2024/01/case-studie-5.jpg]
[wpriverthemes.com/synck/wp-content/uploads/2024/01/case-studie-6.jpg]
[wpriverthemes.com/synck/wp-content/uploads/2024/01/case-studie-7.jpg]
[wpriverthemes.com/synck/wp-content/themes/synck/assets/js/slideTobook9763.js]
[wpriverthemes.com/synck/case-studies/index.html]
[wpriverthemes.com/synck/wp-content/uploads/elementor/css/post-38903aab.css]
[wpriverthemes.com/synck/wp-json/wp/v2/pages/3890.json]
[wpriverthemes.com/synck/wp-json/oembed/1.0/embedacb8.json]
[wpriverthemes.com/synck/wp-json/oembed/1.0/embedae06]
[wpriverthemes.com/synck/wp-content/uploads/2024/01/new-release-hero-img.jpg]
[wpriverthemes.com/synck/wp-content/uploads/2024/01/new-release-1.jpg]
[wpriverthemes.com/synck/wp-content/uploads/2024/01/new-release-2.jpg]
[wpriverthemes.com/synck/wp-content/uploads/2024/01/new-release-3.jpg]
[wpriverthemes.com/synck/new-releases/index.html]
[wpriverthemes.com/synck/wp-content/uploads/elementor/css/post-1975151c.css]
[wpriverthemes.com/synck/wp-json/wp/v2/pages/1975.json]
[wpriverthemes.com/synck/wp-json/oembed/1.0/embeda6af.json]
[wpriverthemes.com/synck/wp-json/oembed/1.0/embed5b9f]
[wpriverthemes.com/synck/wp-content/themes/synck/assets/js/slideTobook6b9c.js]
[wpriverthemes.com/synck/solutions/index.html]
[wpriverthemes.com/synck/wp-content/uploads/elementor/css/post-4234e7bb.css]
[wpriverthemes.com/synck/wp-json/wp/v2/pages/4234.json]
[wpriverthemes.com/synck/wp-json/oembed/1.0/embedd34c.json]
[wpriverthemes.com/synck/wp-json/oembed/1.0/embed1123]
[wpriverthemes.com/synck/wp-content/uploads/2024/01/case-studie-details.jpg]
[wpriverthemes.com/synck/wp-content/uploads/2024/01/case-studie-details-2.jpg]
[wpriverthemes.com/synck/wp-content/uploads/2024/01/case-studie-details-3.jpg]
[wpriverthemes.com/synck/case-studie-single/index.html]
[wpriverthemes.com/synck/wp-content/uploads/elementor/css/post-2956678e.css]
[wpriverthemes.com/synck/wp-json/wp/v2/pages/2956.json]
[wpriverthemes.com/synck/wp-json/oembed/1.0/embed5493.json]
[wpriverthemes.com/synck/wp-json/oembed/1.0/embedfd91]
[wpriverthemes.com/synck/wp-content/uploads/2024/01/project-3.jpg]
[wpriverthemes.com/synck/wp-content/uploads/2024/01/project-5.png]
[wpriverthemes.com/synck/wp-content/uploads/2024/01/project-6.png]
[wpriverthemes.com/synck/wp-content/uploads/2024/01/project-7.png]
[wpriverthemes.com/synck/wp-content/uploads/2024/01/bg-shape-2-2.svg]
[wpriverthemes.com/synck/wp-content/uploads/2024/01/project-8.png]
[wpriverthemes.com/synck/wp-content/uploads/2024/01/project-9.png]
[wpriverthemes.com/synck/wp-content/uploads/2024/01/project-10.png]
[wpriverthemes.com/synck/wp-content/uploads/2024/01/project-11.png]
[wpriverthemes.com/synck/wp-content/uploads/2024/01/project-12.png]
[wpriverthemes.com/synck/portfolio/index.html]
[wpriverthemes.com/synck/wp-content/uploads/elementor/css/post-3457d349.css]
[wpriverthemes.com/synck/wp-json/wp/v2/pages/3457.json]
[wpriverthemes.com/synck/wp-json/oembed/1.0/embed292a.json]
[wpriverthemes.com/synck/wp-json/oembed/1.0/embed1c1a]
[wpriverthemes.com/synck/wp-content/uploads/2024/01/portfolio-details.jpg]
[wpriverthemes.com/synck/wp-content/uploads/2024/01/portfolio-details-2.jpg]
[wpriverthemes.com/synck/wp-content/uploads/2024/01/portfolio-details-3.jpg]
[wpriverthemes.com/synck/wp-content/themes/synck/assets/js/slideTobook9598.js]
[wpriverthemes.com/synck/portfolio-detail/index.html]
[wpriverthemes.com/synck/wp-content/uploads/elementor/css/post-223410cc.css]
[wpriverthemes.com/synck/wp-json/wp/v2/pages/2234.json]
[wpriverthemes.com/synck/wp-json/oembed/1.0/embed92f4.json]
[wpriverthemes.com/synck/wp-json/oembed/1.0/embed3f7c]
[wpriverthemes.com/synck/wp-content/uploads/2024/01/hero-service-about.jpg]
[wpriverthemes.com/synck/services/index.html]
[wpriverthemes.com/synck/wp-content/uploads/2024/02/hwd-icon-1.svg]
[wpriverthemes.com/synck/wp-content/uploads/elementor/css/post-343608e1.css]
[wpriverthemes.com/synck/wp-json/wp/v2/pages/3436.json]
[wpriverthemes.com/synck/wp-json/oembed/1.0/embed7d9a.json]
[wpriverthemes.com/synck/wp-json/oembed/1.0/embed5839]
[wpriverthemes.com/synck/wp-content/uploads/2024/01/how-we-do-single.jpg]
[wpriverthemes.com/synck/wp-content/uploads/2023/12/blog-details-2.jpg]
[wpriverthemes.com/synck/wp-content/themes/synck/assets/js/slideTobook9b48.js]
[wpriverthemes.com/synck/how-we-do-single/index.html]
[wpriverthemes.com/synck/wp-content/uploads/2024/02/hwd-icon-2.svg]
[wpriverthemes.com/synck/wp-content/uploads/2024/02/hwd-icon-3.svg]
[wpriverthemes.com/synck/wp-content/uploads/2024/02/hwd-icon-4.svg]
[wpriverthemes.com/synck/wp-content/uploads/elementor/css/post-27943b88.css]
[wpriverthemes.com/synck/wp-json/wp/v2/pages/2794.json]
[wpriverthemes.com/synck/wp-json/oembed/1.0/embede3a9.json]
[wpriverthemes.com/synck/wp-json/oembed/1.0/embed0072]
[wpriverthemes.com/synck/wp-content/uploads/2024/01/service-details.jpg]
[wpriverthemes.com/synck/wp-content/uploads/2024/01/service-details-2.jpg]
[wpriverthemes.com/synck/wp-content/uploads/2024/01/service-details-3.jpg]
[wpriverthemes.com/synck/wp-content/uploads/2024/01/about-service-7.jpg]
[wpriverthemes.com/synck/wp-content/themes/synck/assets/js/slideTobook08f8.js]
[wpriverthemes.com/synck/service-details/index.html]
[wpriverthemes.com/synck/wp-content/uploads/elementor/css/post-2886d349.css]
[wpriverthemes.com/synck/wp-json/wp/v2/pages/2886.json]
[wpriverthemes.com/synck/wp-json/oembed/1.0/embedc8cb.json]
[wpriverthemes.com/synck/wp-json/oembed/1.0/embed2de9]
[wpriverthemes.com/synck/wp-content/uploads/2024/01/our-field-details.jpg]
[wpriverthemes.com/synck/wp-content/uploads/2024/01/our-field-2.jpg]
[wpriverthemes.com/synck/wp-content/uploads/2024/01/our-field-3.jpg]
[wpriverthemes.com/synck/wp-content/uploads/2024/01/bg-shape-cta.svg]
[wpriverthemes.com/synck/wp-content/themes/synck/assets/js/slideTobook7d07.js]
[wpriverthemes.com/synck/our-field-details/index.html]
[wpriverthemes.com/synck/wp-content/uploads/elementor/css/post-208106e7.css]
[wpriverthemes.com/synck/wp-json/wp/v2/pages/2081.json]
[wpriverthemes.com/synck/wp-json/oembed/1.0/embed6207.json]
[wpriverthemes.com/synck/faq/index.html]
[wpriverthemes.com/synck/wp-content/themes/synck/assets/imgs/favicon.svg]
[wpriverthemes.com/synck/wp-content/uploads/2023/11/icon1-1.svg]
[wpriverthemes.com/synck/wp-content/uploads/2023/11/icon2-1.svg]
[wpriverthemes.com/synck/wp-content/uploads/2023/11/client2.png]
[wpriverthemes.com/synck/wp-content/uploads/2023/11/client-logo2-1.svg]
[wpriverthemes.com/synck/wp-content/uploads/2023/11/client-logo3-1.svg]
[wpriverthemes.com/synck/wp-content/uploads/2023/11/client1.jpg]
[wpriverthemes.com/synck/wp-content/uploads/2023/11/client-logo5-1.svg]
[wpriverthemes.com/synck/wp-content/uploads/2023/11/bg-shape-1-1.svg]
[wpriverthemes.com/synck/wp-json/oembed/1.0/embeda002]
[wpriverthemes.com/synck/wp-content/uploads/elementor/css/post-273946cf.css]
[wpriverthemes.com/synck/wp-json/wp/v2/pages/2739.json]
[wpriverthemes.com/synck/wp-json/oembed/1.0/embed9081.json]
[wpriverthemes.com/synck/wp-json/oembed/1.0/embed4042]
[wpriverthemes.com/synck/wp-content/themes/synck/assets/js/slideTobook475d.js]
[wpriverthemes.com/synck/how-we-do/index.html]
[wpriverthemes.com/synck/wp-content/uploads/2023/12/hwd-icon-1.svg]
[wpriverthemes.com/synck/wp-content/uploads/2023/11/hwd-icon-2.svg]
[wpriverthemes.com/synck/wp-content/uploads/2023/11/hwd-icon-3.svg]
[wpriverthemes.com/synck/wp-content/uploads/2023/11/hwd-icon-4.svg]
[wpriverthemes.com/synck/wp-content/uploads/2023/11/hwd-icon-5.svg]
[wpriverthemes.com/synck/wp-content/uploads/2023/11/hwd-icon-6.svg]
[wpriverthemes.com/synck/wp-content/uploads/2023/11/service-icon-1-2.svg]
[wpriverthemes.com/synck/wp-content/uploads/2023/11/service-icon-2-2.svg]
[wpriverthemes.com/synck/wp-content/uploads/2023/11/service-icon-3-2.svg]
[wpriverthemes.com/synck/wp-content/uploads/2023/11/service-icon-4-2.svg]
[wpriverthemes.com/synck/wp-content/uploads/2023/11/service-icon-5-2.svg]
[wpriverthemes.com/synck/wp-content/uploads/2023/11/bg-shape-2-1.svg]
[wpriverthemes.com/synck/wp-content/uploads/2023/11/bg-shape-3-1.svg]
[wpriverthemes.com/synck/wp-content/uploads/2023/11/icon-linkedin-1.svg]
[wpriverthemes.com/synck/wp-content/uploads/elementor/css/post-4300d349.css]
[wpriverthemes.com/synck/wp-json/wp/v2/pages/4300.json]
[wpriverthemes.com/synck/wp-json/oembed/1.0/embedf32f.json]
[wpriverthemes.com/synck/wp-json/oembed/1.0/embed3e79]
[wpriverthemes.com/synck/wp-content/uploads/2024/01/blog-details.jpg]
[wpriverthemes.com/synck/wp-content/themes/synck/assets/js/slideTobook30e7.js]
[wpriverthemes.com/synck/blog-details-4/index.html]
[wpriverthemes.com/synck/wp-content/uploads/2023/11/support-icon.svg]
[wpriverthemes.com/synck/wp-content/uploads/2023/12/map-icon.svg]
[wpriverthemes.com/synck/wp-content/uploads/2024/03/bg-shape-4.svg]
[wpriverthemes.com/synck/wp-content/uploads/2024/03/logo-white.svg]
[wpriverthemes.com/synck/wp-content/uploads/2024/03/youtube.svg]
[wpriverthemes.com/synck/wp-content/uploads/2024/03/webflow.svg]
[wpriverthemes.com/synck/wp-content/uploads/2024/03/upwork.svg]
[wpriverthemes.com/synck/wp-content/uploads/2024/03/shopify.svg]
[wpriverthemes.com/synck/wp-content/plugins/header-footer-elementor/inc/widgets-css/frontend942d.css]
[wpriverthemes.com/synck/wp-content/plugins/contact-form-7/includes/swv/js/index9bd2.js]
[wpriverthemes.com/synck/wp-content/plugins/contact-form-7/includes/js/index9bd2.js]
[wpriverthemes.com/synck/wp-content/themes/synck/assets/js/bootstrap.bundle.minef10.js]
[wpriverthemes.com/synck/wp-content/themes/synck/assets/js/gsap.minef10.js]
[wpriverthemes.com/synck/wp-content/themes/synck/assets/js/Draggable.minef10.js]
[wpriverthemes.com/synck/t.params.url]
[wpriverthemes.com/synck/wp-content/themes/synck/assets/js/swiper-bundle.minef10.js]
[wpriverthemes.com/synck/wp-content/themes/synck/assets/js/client-marqueeef10.js]
[wpriverthemes.com/synck/wp-content/themes/synck/assets/js/slideTobook9179.js]
[wpriverthemes.com/synck/wp-content/themes/synck/assets/js/theme-customef10.js]
[wpriverthemes.com/synck/wp-content/themes/synck/assets/js/theme-worldmapef10.js]
[wpriverthemes.com/synck/wp-content/plugins/elementor/assets/js/webpack.runtime.min63aa.js]
[wpriverthemes.com/synck/wp-content/plugins/elementor/assets/js/frontend-modules.min63aa.js]
[wpriverthemes.com/synck/wp-content/plugins/elementor/assets/lib/waypoints/waypoints.min05da.js]
[wpriverthemes.com/synck/wp-includes/js/jquery/ui/core.min3f14.js]
[wpriverthemes.com/synck/Version/index.html]
[wpriverthemes.com/synck/-negative.svg]
[wpriverthemes.com/synck/wp-content/plugins/elementor/assets/js/frontend.min63aa.js]
[wpriverthemes.com/synck/wp-content/themes/synck/assets/fonts/la-brands-400.svg]
[wpriverthemes.com/synck/wp-content/themes/synck/assets/fonts/la-regular-400.svg]
[wpriverthemes.com/synck/wp-content/themes/synck/assets/fonts/la-solid-900.svg]
[wpriverthemes.com/synck/wp-content/themes/synck/assets/imgs/caret.svg]
[wpriverthemes.com/synck/wp-content/themes/synck/assets/imgs/caret-black.svg]
[wpriverthemes.com/synck/wp-content/themes/synck/assets/imgs/dashed-line.svg]
[wpriverthemes.com/synck/wp-content/uploads/elementor/css/post-14288d17.css]
[wpriverthemes.com/synck/index6670.html]
[wpriverthemes.com/synck/wp-content/uploads/2024/01/bg-shape-10.svg]
[wpriverthemes.com/synck/wp-content/uploads/2024/01/bg-shape-11.svg]
[wpriverthemes.com/synck/wp-content/themes/synck/assets/js/slideTobook96e7.js]
[wpriverthemes.com/synck/wp-content/uploads/elementor/css/post-3182e2e8.css]
[wpriverthemes.com/synck/indexd9f0.html]
[wpriverthemes.com/synck/wp-content/uploads/2023/12/map.svg]
[wpriverthemes.com/synck/wp-content/uploads/2023/12/bg-shape-7.svg]
[wpriverthemes.com/synck/wp-content/uploads/elementor/css/post-506cbf0.css]
[wpriverthemes.com/synck/wp-content/uploads/elementor/css/post-5461cbf0.css]
[wpriverthemes.com/synck/index8ce5.html]
[wpriverthemes.com/synck/wp-content/uploads/2023/12/bg-shape-6.svg]
[wpriverthemes.com/synck/wp-content/uploads/2023/12/bg-shape-5.svg]
[wpriverthemes.com/synck/wp-content/uploads/2023/12/youtube-2.svg]
[wpriverthemes.com/synck/wp-content/uploads/2023/12/webflow-2.svg]
[wpriverthemes.com/synck/wp-content/uploads/2023/12/upwork.svg]
[wpriverthemes.com/synck/wp-content/uploads/2023/12/shopify-2.svg]
[wpriverthemes.com/synck/wp-content/uploads/2023/12/netflix.svg]
[wpriverthemes.com/synck/wp-content/uploads/2023/12/zoom.svg]
[wpriverthemes.com/synck/wp-content/uploads/2023/12/forbes.svg]
[wpriverthemes.com/synck/wp-content/uploads/2023/12/hwd-icon-4.svg]
[wpriverthemes.com/synck/wp-content/uploads/2023/12/hwd-icon-6.svg]
[wpriverthemes.com/synck/wp-content/uploads/2023/12/hwd-icon-2.svg]
[wpriverthemes.com/synck/wp-content/uploads/2023/12/hwd-icon-3.svg]
[wpriverthemes.com/synck/wp-content/uploads/2023/12/hwd-icon-5.svg]
[wpriverthemes.com/synck/wp-content/uploads/2023/12/bg-shape-feature.svg]
[wpriverthemes.com/synck/wp-content/uploads/2023/12/bg-shape-blog-sticky.svg]
[wpriverthemes.com/synck/wp-content/uploads/2023/12/bg-shape-9.svg]
[wpriverthemes.com/synck/wp-content/uploads/2023/12/webflow-3.svg]
[wpriverthemes.com/synck/wp-content/uploads/2023/12/upwork-2.svg]
[wpriverthemes.com/synck/wp-content/uploads/2023/12/support-icon.svg]
[wpriverthemes.com/synck/wp-content/uploads/elementor/css/post-2439d310.css]
[wpriverthemes.com/synck/indexc974.html]
[wpriverthemes.com/synck/wp-content/themes/synck/assets/js/slideTobooka7cb.js]
[wpriverthemes.com/synck/wp-content/uploads/elementor/css/post-16434bcd.css]
[wpriverthemes.com/synck/indexa94b.html]
[wpriverthemes.com/synck/wp-content/uploads/2024/01/client-logo7.svg]
[wpriverthemes.com/synck/wp-content/uploads/2024/01/client-logo8.svg]
[wpriverthemes.com/synck/wp-content/uploads/2024/01/client-logo9.svg]
[wpriverthemes.com/synck/wp-content/uploads/2024/01/client-logo10.svg]
[wpriverthemes.com/synck/wp-content/uploads/2024/01/client-logo11.svg]
[wpriverthemes.com/synck/wp-content/uploads/2024/01/client-logo12.svg]
[wpriverthemes.com/synck/wp-content/uploads/2024/01/client-logo13.svg]
[wpriverthemes.com/synck/wp-content/uploads/2024/01/client-logo14.svg]
[wpriverthemes.com/synck/wp-content/uploads/2024/01/client-logo15.svg]
[wpriverthemes.com/synck/wp-content/uploads/2024/01/client-logo16.svg]
[wpriverthemes.com/synck/wp-content/uploads/elementor/css/post-3084d47c.css]
[wpriverthemes.com/synck/indexcb51.html]
[wpriverthemes.com/synck/wp-content/uploads/2024/01/service-icon-6.svg]
[wpriverthemes.com/synck/wp-content/uploads/2024/01/service-icon-7.svg]
[wpriverthemes.com/synck/wp-content/uploads/2024/01/service-icon-8.svg]
[wpriverthemes.com/synck/wp-content/uploads/2024/01/service-icon-9.svg]
[wpriverthemes.com/synck/wp-content/uploads/2024/01/bg-shape-mentors.svg]
[wpriverthemes.com/synck/wp-content/themes/synck/assets/js/slideTobook0722.js]
[wpriverthemes.com/synck/wp-content/uploads/elementor/css/post-3777175f.css]
[wpriverthemes.com/synck/indexf42c.html]
[wpriverthemes.com/synck/OPR/index.html]
[wpriverthemes.com/synck/wp-content/uploads/elementor/css/post-33944fbe.css]
[wpriverthemes.com/synck/wp-json/wp/v2/pages/3394.json]
[wpriverthemes.com/synck/wp-json/oembed/1.0/embedd16f.json]
[wpriverthemes.com/synck/wp-json/oembed/1.0/embed3391]
[wpriverthemes.com/synck/wp-content/uploads/2024/01/event-details.jpg]
[wpriverthemes.com/synck/wp-content/themes/synck/assets/js/slideTobook02c2.js]
[wpriverthemes.com/synck/event-single/index.html]
[wpriverthemes.com/synck/wp-content/uploads/elementor/css/post-2691e9fc.css]
[wpriverthemes.com/synck/index827d.html]
[wpriverthemes.com/synck/wp-content/uploads/elementor/css/post-3487a029.css]
[wpriverthemes.com/synck/indexfeee.html]
[wpriverthemes.com/synck/wp-content/themes/synck/assets/js/slideTobook676d.js]
[wpriverthemes.com/synck/wp-content/uploads/elementor/css/post-2624c320.css]
[wpriverthemes.com/synck/indexb4b8.html]
[wpriverthemes.com/synck/wp-content/uploads/elementor/css/post-23245a47.css]
[wpriverthemes.com/synck/indexad86.html]
[wpriverthemes.com/synck/wp-content/uploads/2024/01/question-icon.svg]
[wpriverthemes.com/synck/wp-content/themes/synck/assets/js/slideTobook48f2.js]
[wpriverthemes.com/synck/wp-content/uploads/elementor/css/post-2464a1be.css]
[wpriverthemes.com/synck/indexf651.html]
[wpriverthemes.com/synck/wp-content/uploads/elementor/css/post-3690aec4.css]
[wpriverthemes.com/synck/indexbb23.html]
[wpriverthemes.com/synck/wp-content/themes/synck/assets/js/slideTobook9763.js]
[wpriverthemes.com/synck/wp-content/uploads/elementor/css/post-38903aab.css]
[wpriverthemes.com/synck/indexbc30.html]
[wpriverthemes.com/synck/wp-content/uploads/elementor/css/post-1975151c.css]
[wpriverthemes.com/synck/index6d7f.html]
[wpriverthemes.com/synck/wp-content/themes/synck/assets/js/slideTobook6b9c.js]
[wpriverthemes.com/synck/wp-content/uploads/elementor/css/post-4234e7bb.css]
[wpriverthemes.com/synck/indexc9cc.html]
[wpriverthemes.com/synck/wp-content/uploads/elementor/css/post-2956678e.css]
[wpriverthemes.com/synck/index6bb1.html]
[wpriverthemes.com/synck/wp-content/uploads/2024/01/bg-shape-2-2.svg]
[wpriverthemes.com/synck/wp-content/uploads/elementor/css/post-3457d349.css]
[wpriverthemes.com/synck/indexb80b.html]
[wpriverthemes.com/synck/wp-content/themes/synck/assets/js/slideTobook9598.js]
[wpriverthemes.com/synck/wp-content/uploads/elementor/css/post-223410cc.css]
[wpriverthemes.com/synck/indexa93b.html]
[wpriverthemes.com/synck/wp-content/uploads/elementor/css/post-343608e1.css]
[wpriverthemes.com/synck/index9f9d.html]
[wpriverthemes.com/synck/wp-content/themes/synck/assets/js/slideTobook9b48.js]
[wpriverthemes.com/synck/wp-content/uploads/elementor/css/post-27943b88.css]
[wpriverthemes.com/synck/index65e3.html]
[wpriverthemes.com/synck/wp-content/themes/synck/assets/js/slideTobook08f8.js]
[wpriverthemes.com/synck/wp-content/uploads/elementor/css/post-2886d349.css]
[wpriverthemes.com/synck/index08f4.html]
[wpriverthemes.com/synck/wp-content/uploads/2024/01/bg-shape-cta.svg]
[wpriverthemes.com/synck/wp-content/themes/synck/assets/js/slideTobook7d07.js]
[wpriverthemes.com/synck/wp-content/uploads/elementor/css/post-208106e7.css]
[wpriverthemes.com/synck/indexa8d6.html]
[wpriverthemes.com/synck/wp-content/uploads/elementor/css/post-273946cf.css]
[wpriverthemes.com/synck/indexff9c.html]
[wpriverthemes.com/synck/wp-content/themes/synck/assets/js/slideTobook475d.js]
[wpriverthemes.com/synck/wp-content/uploads/elementor/css/post-4300d349.css]
[wpriverthemes.com/synck/index8734.html]
[wpriverthemes.com/synck/wp-content/themes/synck/assets/js/slideTobook30e7.js]
[wpriverthemes.com/synck/Version/index.html]
[wpriverthemes.com/synck/t.params.html]
[wpriverthemes.com/synck/-negative.html]
[wpriverthemes.com/synck/OPR/index.html]
[wpriverthemes.com/synck/wp-content/uploads/elementor/css/post-33944fbe.css]
[wpriverthemes.com/synck/indexce66.html]
[wpriverthemes.com/synck/wp-content/themes/synck/assets/js/slideTobook02c2.js]
